Archive member included to satisfy reference by file (symbol)

c:/st/stm32cubeide_1.7.0/stm32cubeide/plugins/com.st.stm32cube.ide.mcu.externaltools.gnu-tools-for-stm32.9-2020-q2-update.win32_2.0.0.202105311346/tools/bin/../lib/gcc/arm-none-eabi/9.3.1/../../../../arm-none-eabi/lib/thumb/v7-m/nofp\libc_nano.a(lib_a-errno.o)
                              ./Core/Src/syscalls.o (__errno)
c:/st/stm32cubeide_1.7.0/stm32cubeide/plugins/com.st.stm32cube.ide.mcu.externaltools.gnu-tools-for-stm32.9-2020-q2-update.win32_2.0.0.202105311346/tools/bin/../lib/gcc/arm-none-eabi/9.3.1/../../../../arm-none-eabi/lib/thumb/v7-m/nofp\libc_nano.a(lib_a-exit.o)
                              c:/st/stm32cubeide_1.7.0/stm32cubeide/plugins/com.st.stm32cube.ide.mcu.externaltools.gnu-tools-for-stm32.9-2020-q2-update.win32_2.0.0.202105311346/tools/bin/../lib/gcc/arm-none-eabi/9.3.1/../../../../arm-none-eabi/lib/thumb/v7-m/nofp/crt0.o (exit)
c:/st/stm32cubeide_1.7.0/stm32cubeide/plugins/com.st.stm32cube.ide.mcu.externaltools.gnu-tools-for-stm32.9-2020-q2-update.win32_2.0.0.202105311346/tools/bin/../lib/gcc/arm-none-eabi/9.3.1/../../../../arm-none-eabi/lib/thumb/v7-m/nofp\libc_nano.a(lib_a-impure.o)
                              c:/st/stm32cubeide_1.7.0/stm32cubeide/plugins/com.st.stm32cube.ide.mcu.externaltools.gnu-tools-for-stm32.9-2020-q2-update.win32_2.0.0.202105311346/tools/bin/../lib/gcc/arm-none-eabi/9.3.1/../../../../arm-none-eabi/lib/thumb/v7-m/nofp\libc_nano.a(lib_a-exit.o) (_global_impure_ptr)
c:/st/stm32cubeide_1.7.0/stm32cubeide/plugins/com.st.stm32cube.ide.mcu.externaltools.gnu-tools-for-stm32.9-2020-q2-update.win32_2.0.0.202105311346/tools/bin/../lib/gcc/arm-none-eabi/9.3.1/../../../../arm-none-eabi/lib/thumb/v7-m/nofp\libc_nano.a(lib_a-init.o)
                              c:/st/stm32cubeide_1.7.0/stm32cubeide/plugins/com.st.stm32cube.ide.mcu.externaltools.gnu-tools-for-stm32.9-2020-q2-update.win32_2.0.0.202105311346/tools/bin/../lib/gcc/arm-none-eabi/9.3.1/../../../../arm-none-eabi/lib/thumb/v7-m/nofp/crt0.o (__libc_init_array)
c:/st/stm32cubeide_1.7.0/stm32cubeide/plugins/com.st.stm32cube.ide.mcu.externaltools.gnu-tools-for-stm32.9-2020-q2-update.win32_2.0.0.202105311346/tools/bin/../lib/gcc/arm-none-eabi/9.3.1/../../../../arm-none-eabi/lib/thumb/v7-m/nofp\libc_nano.a(lib_a-memset.o)
                              c:/st/stm32cubeide_1.7.0/stm32cubeide/plugins/com.st.stm32cube.ide.mcu.externaltools.gnu-tools-for-stm32.9-2020-q2-update.win32_2.0.0.202105311346/tools/bin/../lib/gcc/arm-none-eabi/9.3.1/../../../../arm-none-eabi/lib/thumb/v7-m/nofp/crt0.o (memset)

Allocating common symbols
Common symbol       size              file

hi2c1               0x54              ./Core/Src/main.o
timer_counter       0x28              ./Core/Src/timer.o
uwTick              0x4               ./Drivers/STM32F1xx_HAL_Driver/Src/stm32f1xx_hal.o
pFlash              0x20              ./Drivers/STM32F1xx_HAL_Driver/Src/stm32f1xx_hal_flash.o
timer_flag          0x28              ./Core/Src/timer.o
htim2               0x48              ./Core/Src/main.o
huart2              0x48              ./Core/Src/main.o

Discarded input sections

 .text          0x0000000000000000        0x0 c:/st/stm32cubeide_1.7.0/stm32cubeide/plugins/com.st.stm32cube.ide.mcu.externaltools.gnu-tools-for-stm32.9-2020-q2-update.win32_2.0.0.202105311346/tools/bin/../lib/gcc/arm-none-eabi/9.3.1/thumb/v7-m/nofp/crti.o
 .data          0x0000000000000000        0x0 c:/st/stm32cubeide_1.7.0/stm32cubeide/plugins/com.st.stm32cube.ide.mcu.externaltools.gnu-tools-for-stm32.9-2020-q2-update.win32_2.0.0.202105311346/tools/bin/../lib/gcc/arm-none-eabi/9.3.1/thumb/v7-m/nofp/crti.o
 .bss           0x0000000000000000        0x0 c:/st/stm32cubeide_1.7.0/stm32cubeide/plugins/com.st.stm32cube.ide.mcu.externaltools.gnu-tools-for-stm32.9-2020-q2-update.win32_2.0.0.202105311346/tools/bin/../lib/gcc/arm-none-eabi/9.3.1/thumb/v7-m/nofp/crti.o
 .data          0x0000000000000000        0x4 c:/st/stm32cubeide_1.7.0/stm32cubeide/plugins/com.st.stm32cube.ide.mcu.externaltools.gnu-tools-for-stm32.9-2020-q2-update.win32_2.0.0.202105311346/tools/bin/../lib/gcc/arm-none-eabi/9.3.1/thumb/v7-m/nofp/crtbegin.o
 .text          0x0000000000000000       0x7c c:/st/stm32cubeide_1.7.0/stm32cubeide/plugins/com.st.stm32cube.ide.mcu.externaltools.gnu-tools-for-stm32.9-2020-q2-update.win32_2.0.0.202105311346/tools/bin/../lib/gcc/arm-none-eabi/9.3.1/../../../../arm-none-eabi/lib/thumb/v7-m/nofp/crt0.o
 .data          0x0000000000000000        0x0 c:/st/stm32cubeide_1.7.0/stm32cubeide/plugins/com.st.stm32cube.ide.mcu.externaltools.gnu-tools-for-stm32.9-2020-q2-update.win32_2.0.0.202105311346/tools/bin/../lib/gcc/arm-none-eabi/9.3.1/../../../../arm-none-eabi/lib/thumb/v7-m/nofp/crt0.o
[...]
Memory Configuration

Name             Origin             Length             Attributes
RAM              0x0000000020000000 0x0000000000005000 xrw
FLASH            0x0000000008000000 0x0000000000020000 xr
*default*        0x0000000000000000 0xffffffffffffffff

Linker script and memory map

LOAD c:/st/stm32cubeide_1.7.0/stm32cubeide/plugins/com.st.stm32cube.ide.mcu.externaltools.gnu-tools-for-stm32.9-2020-q2-update.win32_2.0.0.202105311346/tools/bin/../lib/gcc/arm-none-eabi/9.3.1/thumb/v7-m/nofp/crti.o
LOAD c:/st/stm32cubeide_1.7.0/stm32cubeide/plugins/com.st.stm32cube.ide.mcu.externaltools.gnu-tools-for-stm32.9-2020-q2-update.win32_2.0.0.202105311346/tools/bin/../lib/gcc/arm-none-eabi/9.3.1/thumb/v7-m/nofp/crtbegin.o
LOAD c:/st/stm32cubeide_1.7.0/stm32cubeide/plugins/com.st.stm32cube.ide.mcu.externaltools.gnu-tools-for-stm32.9-2020-q2-update.win32_2.0.0.202105311346/tools/bin/../lib/gcc/arm-none-eabi/9.3.1/../../../../arm-none-eabi/lib/thumb/v7-m/nofp/crt0.o
LOAD ./Core/Src/fsm_automatic.o
LOAD ./Core/Src/fsm_manual.o
LOAD ./Core/Src/global.o
LOAD ./Core/Src/i2c-lcd.o
LOAD ./Core/Src/input_processing.o
LOAD ./Core/Src/input_reading.o
LOAD ./Core/Src/led_display.o
LOAD ./Core/Src/main.o
LOAD ./Core/Src/stm32f1xx_hal_msp.o
LOAD ./Core/Src/stm32f1xx_it.o
LOAD ./Core/Src/syscalls.o
LOAD ./Core/Src/sysmem.o
LOAD ./Core/Src/system_stm32f1xx.o
LOAD ./Core/Src/timer.o
LOAD ./Core/Startup/startup_stm32f103rbtx.o
LOAD ./Drivers/STM32F1xx_HAL_Driver/Src/stm32f1xx_hal.o
LOAD ./Drivers/STM32F1xx_HAL_Driver/Src/stm32f1xx_hal_cortex.o
LOAD ./Drivers/STM32F1xx_HAL_Driver/Src/stm32f1xx_hal_dma.o
LOAD ./Drivers/STM32F1xx_HAL_Driver/Src/stm32f1xx_hal_exti.o
LOAD ./Drivers/STM32F1xx_HAL_Driver/Src/stm32f1xx_hal_flash.o
LOAD ./Drivers/STM32F1xx_HAL_Driver/Src/stm32f1xx_hal_flash_ex.o
LOAD ./Drivers/STM32F1xx_HAL_Driver/Src/stm32f1xx_hal_gpio.o
LOAD ./Drivers/STM32F1xx_HAL_Driver/Src/stm32f1xx_hal_gpio_ex.o
LOAD ./Drivers/STM32F1xx_HAL_Driver/Src/stm32f1xx_hal_i2c.o
LOAD ./Drivers/STM32F1xx_HAL_Driver/Src/stm32f1xx_hal_pwr.o
LOAD ./Drivers/STM32F1xx_HAL_Driver/Src/stm32f1xx_hal_rcc.o
LOAD ./Drivers/STM32F1xx_HAL_Driver/Src/stm32f1xx_hal_rcc_ex.o
LOAD ./Drivers/STM32F1xx_HAL_Driver/Src/stm32f1xx_hal_tim.o
LOAD ./Drivers/STM32F1xx_HAL_Driver/Src/stm32f1xx_hal_tim_ex.o
LOAD ./Drivers/STM32F1xx_HAL_Driver/Src/stm32f1xx_hal_uart.o
START GROUP
LOAD c:/st/stm32cubeide_1.7.0/stm32cubeide/plugins/com.st.stm32cube.ide.mcu.externaltools.gnu-tools-for-stm32.9-2020-q2-update.win32_2.0.0.202105311346/tools/bin/../lib/gcc/arm-none-eabi/9.3.1/../../../../arm-none-eabi/lib/thumb/v7-m/nofp\libc_nano.a
LOAD c:/st/stm32cubeide_1.7.0/stm32cubeide/plugins/com.st.stm32cube.ide.mcu.externaltools.gnu-tools-for-stm32.9-2020-q2-update.win32_2.0.0.202105311346/tools/bin/../lib/gcc/arm-none-eabi/9.3.1/../../../../arm-none-eabi/lib/thumb/v7-m/nofp\libm.a
END GROUP
START GROUP
LOAD c:/st/stm32cubeide_1.7.0/stm32cubeide/plugins/com.st.stm32cube.ide.mcu.externaltools.gnu-tools-for-stm32.9-2020-q2-update.win32_2.0.0.202105311346/tools/bin/../lib/gcc/arm-none-eabi/9.3.1/thumb/v7-m/nofp\libgcc.a
LOAD c:/st/stm32cubeide_1.7.0/stm32cubeide/plugins/com.st.stm32cube.ide.mcu.externaltools.gnu-tools-for-stm32.9-2020-q2-update.win32_2.0.0.202105311346/tools/bin/../lib/gcc/arm-none-eabi/9.3.1/../../../../arm-none-eabi/lib/thumb/v7-m/nofp\libc_nano.a
END GROUP
START GROUP
LOAD c:/st/stm32cubeide_1.7.0/stm32cubeide/plugins/com.st.stm32cube.ide.mcu.externaltools.gnu-tools-for-stm32.9-2020-q2-update.win32_2.0.0.202105311346/tools/bin/../lib/gcc/arm-none-eabi/9.3.1/thumb/v7-m/nofp\libgcc.a
LOAD c:/st/stm32cubeide_1.7.0/stm32cubeide/plugins/com.st.stm32cube.ide.mcu.externaltools.gnu-tools-for-stm32.9-2020-q2-update.win32_2.0.0.202105311346/tools/bin/../lib/gcc/arm-none-eabi/9.3.1/../../../../arm-none-eabi/lib/thumb/v7-m/nofp\libc_nano.a
LOAD c:/st/stm32cubeide_1.7.0/stm32cubeide/plugins/com.st.stm32cube.ide.mcu.externaltools.gnu-tools-for-stm32.9-2020-q2-update.win32_2.0.0.202105311346/tools/bin/../lib/gcc/arm-none-eabi/9.3.1/../../../../arm-none-eabi/lib/thumb/v7-m/nofp\libnosys.a
END GROUP
START GROUP
LOAD c:/st/stm32cubeide_1.7.0/stm32cubeide/plugins/com.st.stm32cube.ide.mcu.externaltools.gnu-tools-for-stm32.9-2020-q2-update.win32_2.0.0.202105311346/tools/bin/../lib/gcc/arm-none-eabi/9.3.1/thumb/v7-m/nofp\libgcc.a
LOAD c:/st/stm32cubeide_1.7.0/stm32cubeide/plugins/com.st.stm32cube.ide.mcu.externaltools.gnu-tools-for-stm32.9-2020-q2-update.win32_2.0.0.202105311346/tools/bin/../lib/gcc/arm-none-eabi/9.3.1/../../../../arm-none-eabi/lib/thumb/v7-m/nofp\libc_nano.a
LOAD c:/st/stm32cubeide_1.7.0/stm32cubeide/plugins/com.st.stm32cube.ide.mcu.externaltools.gnu-tools-for-stm32.9-2020-q2-update.win32_2.0.0.202105311346/tools/bin/../lib/gcc/arm-none-eabi/9.3.1/../../../../arm-none-eabi/lib/thumb/v7-m/nofp\libnosys.a
END GROUP
LOAD c:/st/stm32cubeide_1.7.0/stm32cubeide/plugins/com.st.stm32cube.ide.mcu.externaltools.gnu-tools-for-stm32.9-2020-q2-update.win32_2.0.0.202105311346/tools/bin/../lib/gcc/arm-none-eabi/9.3.1/thumb/v7-m/nofp/crtend.o
LOAD c:/st/stm32cubeide_1.7.0/stm32cubeide/plugins/com.st.stm32cube.ide.mcu.externaltools.gnu-tools-for-stm32.9-2020-q2-update.win32_2.0.0.202105311346/tools/bin/../lib/gcc/arm-none-eabi/9.3.1/thumb/v7-m/nofp/crtn.o
                0x0000000020005000                _estack = (ORIGIN (RAM) + LENGTH (RAM))
                0x0000000000000200                _Min_Heap_Size = 0x200
                0x0000000000000400                _Min_Stack_Size = 0x400

.isr_vector     0x0000000008000000      0x10c
                0x0000000008000000                . = ALIGN (0x4)
 *(.isr_vector)
 .isr_vector    0x0000000008000000      0x10c ./Core/Startup/startup_stm32f103rbtx.o
                0x0000000008000000                g_pfnVectors
                0x000000000800010c                . = ALIGN (0x4)

.text           0x000000000800010c     0x3668
                0x000000000800010c                . = ALIGN (0x4)
 *(.text)
 .text          0x000000000800010c       0x40 c:/st/stm32cubeide_1.7.0/stm32cubeide/plugins/com.st.stm32cube.ide.mcu.externaltools.gnu-tools-for-stm32.9-2020-q2-update.win32_2.0.0.202105311346/tools/bin/../lib/gcc/arm-none-eabi/9.3.1/thumb/v7-m/nofp/crtbegin.o
 *(.text*)
 .text.SetMode  0x000000000800014c      0x118 ./Core/Src/fsm_automatic.o
                0x000000000800014c                SetMode
 .text.ChangeModeX
                0x0000000008000264       0x6c ./Core/Src/fsm_automatic.o
                0x0000000008000264                ChangeModeX
 .text.ChangeModeY
                0x00000000080002d0       0x6c ./Core/Src/fsm_automatic.o
                0x00000000080002d0                ChangeModeY
 .text.fsm_clock
                0x000000000800033c       0x98 ./Core/Src/fsm_automatic.o
                0x000000000800033c                fsm_clock
 .text.fsm_automatic_runx
                0x00000000080003d4      0x140 ./Core/Src/fsm_automatic.o
                0x00000000080003d4                fsm_automatic_runx
 .text.fsm_automatic_runy
                0x0000000008000514      0x200 ./Core/Src/fsm_automatic.o
                0x0000000008000514                fsm_automatic_runy
 .text.lcd_send_cmd
                0x0000000008000714       0x60 ./Core/Src/i2c-lcd.o
                0x0000000008000714                lcd_send_cmd
 .text.lcd_send_data
                0x0000000008000774       0x60 ./Core/Src/i2c-lcd.o
                0x0000000008000774                lcd_send_data
 .text.lcd_send_string
                0x00000000080007d4       0x2a ./Core/Src/i2c-lcd.o
                0x00000000080007d4                lcd_send_string
 .text.lcd_goto_XY
                0x00000000080007fe       0x44 ./Core/Src/i2c-lcd.o
                0x00000000080007fe                lcd_goto_XY
 *fill*         0x0000000008000842        0x2 
 .text.fsm_for_input_processing1
                0x0000000008000844       0xac ./Core/Src/input_processing.o
                0x0000000008000844                fsm_for_input_processing1
 .text.fsm_for_input_processing2
                0x00000000080008f0       0xa4 ./Core/Src/input_processing.o
                0x00000000080008f0                fsm_for_input_processing2
 .text.fsm_for_input_processing3
                0x0000000008000994       0x7c ./Core/Src/input_processing.o
                0x0000000008000994                fsm_for_input_processing3
 .text.Button1Run
                0x0000000008000a10       0x18 ./Core/Src/input_reading.o
                0x0000000008000a10                Button1Run
 .text.ProcessButton1
                0x0000000008000a28       0x24 ./Core/Src/input_reading.o
                0x0000000008000a28                ProcessButton1
 .text.Button2Run
                0x0000000008000a4c       0x18 ./Core/Src/input_reading.o
                0x0000000008000a4c                Button2Run
 .text.ProcessButton2
                0x0000000008000a64       0x24 ./Core/Src/input_reading.o
                0x0000000008000a64                ProcessButton2
 .text.Button3Run
                0x0000000008000a88       0x18 ./Core/Src/input_reading.o
                0x0000000008000a88                Button3Run
 .text.ProcessButton3
                0x0000000008000aa0       0x24 ./Core/Src/input_reading.o
                0x0000000008000aa0                ProcessButton3
 .text.button_reading
                0x0000000008000ac4      0x154 ./Core/Src/input_reading.o
                0x0000000008000ac4                button_reading
 .text.is_button_pressed
                0x0000000008000c18       0x34 ./Core/Src/input_reading.o
                0x0000000008000c18                is_button_pressed
 .text.is_button_pressed_1s
                0x0000000008000c4c       0x34 ./Core/Src/input_reading.o
                0x0000000008000c4c                is_button_pressed_1s
 .text.DisplayREDX
                0x0000000008000c80       0x38 ./Core/Src/led_display.o
                0x0000000008000c80                DisplayREDX
 .text.DisplayYELLOWX
                0x0000000008000cb8       0x38 ./Core/Src/led_display.o
                0x0000000008000cb8                DisplayYELLOWX
 .text.DisplayGREENX
                0x0000000008000cf0       0x38 ./Core/Src/led_display.o
                0x0000000008000cf0                DisplayGREENX
 .text.DisplayREDY
                0x0000000008000d28       0x40 ./Core/Src/led_display.o
                0x0000000008000d28                DisplayREDY
 .text.DisplayYELLOWY
                0x0000000008000d68       0x40 ./Core/Src/led_display.o
                0x0000000008000d68                DisplayYELLOWY
 .text.DisplayGREENY
                0x0000000008000da8       0x40 ./Core/Src/led_display.o
                0x0000000008000da8                DisplayGREENY
 .text.InitLED  0x0000000008000de8       0x6c ./Core/Src/led_display.o
                0x0000000008000de8                InitLED
 .text.main     0x0000000008000e54       0x8c ./Core/Src/main.o
                0x0000000008000e54                main
 .text.SystemClock_Config
                0x0000000008000ee0       0x80 ./Core/Src/main.o
                0x0000000008000ee0                SystemClock_Config
 .text.MX_I2C1_Init
                0x0000000008000f60       0x5c ./Core/Src/main.o
 .text.MX_TIM2_Init
                0x0000000008000fbc       0x98 ./Core/Src/main.o
 .text.MX_USART2_UART_Init
                0x0000000008001054       0x54 ./Core/Src/main.o
 .text.MX_GPIO_Init
                0x00000000080010a8      0x17c ./Core/Src/main.o
 .text.Error_Handler
                0x0000000008001224        0xa ./Core/Src/main.o
                0x0000000008001224                Error_Handler
 *fill*         0x000000000800122e        0x2 
 .text.HAL_MspInit
                0x0000000008001230       0x64 ./Core/Src/stm32f1xx_hal_msp.o
                0x0000000008001230                HAL_MspInit
 .text.HAL_I2C_MspInit
                0x0000000008001294       0xa0 ./Core/Src/stm32f1xx_hal_msp.o
                0x0000000008001294                HAL_I2C_MspInit
 .text.HAL_TIM_Base_MspInit
                0x0000000008001334       0x48 ./Core/Src/stm32f1xx_hal_msp.o
                0x0000000008001334                HAL_TIM_Base_MspInit
 .text.HAL_UART_MspInit
                0x000000000800137c       0x7c ./Core/Src/stm32f1xx_hal_msp.o
                0x000000000800137c                HAL_UART_MspInit
 .text.NMI_Handler
                0x00000000080013f8        0x6 ./Core/Src/stm32f1xx_it.o
                0x00000000080013f8                NMI_Handler
 .text.HardFault_Handler
                0x00000000080013fe        0x6 ./Core/Src/stm32f1xx_it.o
                0x00000000080013fe                HardFault_Handler
 .text.MemManage_Handler
                0x0000000008001404        0x6 ./Core/Src/stm32f1xx_it.o
                0x0000000008001404                MemManage_Handler
 .text.BusFault_Handler
                0x000000000800140a        0x6 ./Core/Src/stm32f1xx_it.o
                0x000000000800140a                BusFault_Handler
 .text.UsageFault_Handler
                0x0000000008001410        0x6 ./Core/Src/stm32f1xx_it.o
                0x0000000008001410                UsageFault_Handler
 .text.SVC_Handler
                0x0000000008001416        0xc ./Core/Src/stm32f1xx_it.o
                0x0000000008001416                SVC_Handler
 .text.DebugMon_Handler
                0x0000000008001422        0xc ./Core/Src/stm32f1xx_it.o
                0x0000000008001422                DebugMon_Handler
 .text.PendSV_Handler
                0x000000000800142e        0xc ./Core/Src/stm32f1xx_it.o
                0x000000000800142e                PendSV_Handler
 .text.SysTick_Handler
                0x000000000800143a        0xc ./Core/Src/stm32f1xx_it.o
                0x000000000800143a                SysTick_Handler
 *fill*         0x0000000008001446        0x2 
 .text.TIM2_IRQHandler
                0x0000000008001448       0x14 ./Core/Src/stm32f1xx_it.o
                0x0000000008001448                TIM2_IRQHandler
 .text.EXTI15_10_IRQHandler
                0x000000000800145c       0x10 ./Core/Src/stm32f1xx_it.o
                0x000000000800145c                EXTI15_10_IRQHandler
 .text.SystemInit
                0x000000000800146c        0xc ./Core/Src/system_stm32f1xx.o
                0x000000000800146c                SystemInit
 .text.setTimer
                0x0000000008001478       0x3c ./Core/Src/timer.o
                0x0000000008001478                setTimer
 .text.timerRun
                0x00000000080014b4       0x60 ./Core/Src/timer.o
                0x00000000080014b4                timerRun
 .text.HAL_TIM_PeriodElapsedCallback
                0x0000000008001514       0x22 ./Core/Src/timer.o
                0x0000000008001514                HAL_TIM_PeriodElapsedCallback
 *fill*         0x0000000008001536        0x2 
 .text.Reset_Handler
                0x0000000008001538       0x48 ./Core/Startup/startup_stm32f103rbtx.o
                0x0000000008001538                Reset_Handler
 .text.Default_Handler
                0x0000000008001580        0x2 ./Core/Startup/startup_stm32f103rbtx.o
                0x0000000008001580                RTC_Alarm_IRQHandler
                0x0000000008001580                EXTI2_IRQHandler
                0x0000000008001580                TIM1_CC_IRQHandler
                0x0000000008001580                PVD_IRQHandler
                0x0000000008001580                EXTI3_IRQHandler
                0x0000000008001580                EXTI0_IRQHandler
                0x0000000008001580                I2C2_EV_IRQHandler
                0x0000000008001580                ADC1_2_IRQHandler
                0x0000000008001580                SPI1_IRQHandler
                0x0000000008001580                TAMPER_IRQHandler
                0x0000000008001580                DMA1_Channel4_IRQHandler
                0x0000000008001580                USART3_IRQHandler
                0x0000000008001580                RTC_IRQHandler
                0x0000000008001580                DMA1_Channel7_IRQHandler
                0x0000000008001580                CAN1_RX1_IRQHandler
                0x0000000008001580                TIM4_IRQHandler
                0x0000000008001580                I2C1_EV_IRQHandler
                0x0000000008001580                DMA1_Channel6_IRQHandler
                0x0000000008001580                TIM3_IRQHandler
                0x0000000008001580                RCC_IRQHandler
                0x0000000008001580                TIM1_TRG_COM_IRQHandler
                0x0000000008001580                DMA1_Channel1_IRQHandler
                0x0000000008001580                Default_Handler
                0x0000000008001580                EXTI9_5_IRQHandler
                0x0000000008001580                SPI2_IRQHandler
                0x0000000008001580                DMA1_Channel5_IRQHandler
                0x0000000008001580                EXTI4_IRQHandler
                0x0000000008001580                USB_LP_CAN1_RX0_IRQHandler
                0x0000000008001580                USB_HP_CAN1_TX_IRQHandler
                0x0000000008001580                DMA1_Channel3_IRQHandler
                0x0000000008001580                TIM1_UP_IRQHandler
                0x0000000008001580                WWDG_IRQHandler
                0x0000000008001580                TIM1_BRK_IRQHandler
                0x0000000008001580                EXTI1_IRQHandler
                0x0000000008001580                USART2_IRQHandler
                0x0000000008001580                I2C2_ER_IRQHandler
                0x0000000008001580                DMA1_Channel2_IRQHandler
                0x0000000008001580                CAN1_SCE_IRQHandler
                0x0000000008001580                FLASH_IRQHandler
                0x0000000008001580                USART1_IRQHandler
                0x0000000008001580                I2C1_ER_IRQHandler
                0x0000000008001580                USBWakeUp_IRQHandler
 *fill*         0x0000000008001582        0x2 
 .text.HAL_Init
                0x0000000008001584       0x2c ./Drivers/STM32F1xx_HAL_Driver/Src/stm32f1xx_hal.o
                0x0000000008001584                HAL_Init
 .text.HAL_InitTick
                0x00000000080015b0       0x60 ./Drivers/STM32F1xx_HAL_Driver/Src/stm32f1xx_hal.o
                0x00000000080015b0                HAL_InitTick
 .text.HAL_IncTick
                0x0000000008001610       0x24 ./Drivers/STM32F1xx_HAL_Driver/Src/stm32f1xx_hal.o
                0x0000000008001610                HAL_IncTick
 .text.HAL_GetTick
                0x0000000008001634       0x14 ./Drivers/STM32F1xx_HAL_Driver/Src/stm32f1xx_hal.o
                0x0000000008001634                HAL_GetTick
 .text.__NVIC_SetPriorityGrouping
                0x0000000008001648       0x48 ./Drivers/STM32F1xx_HAL_Driver/Src/stm32f1xx_hal_cortex.o
 .text.__NVIC_GetPriorityGrouping
                0x0000000008001690       0x1c ./Drivers/STM32F1xx_HAL_Driver/Src/stm32f1xx_hal_cortex.o
 .text.__NVIC_EnableIRQ
                0x00000000080016ac       0x38 ./Drivers/STM32F1xx_HAL_Driver/Src/stm32f1xx_hal_cortex.o
 .text.__NVIC_SetPriority
                0x00000000080016e4       0x54 ./Drivers/STM32F1xx_HAL_Driver/Src/stm32f1xx_hal_cortex.o
 .text.NVIC_EncodePriority
                0x0000000008001738       0x64 ./Drivers/STM32F1xx_HAL_Driver/Src/stm32f1xx_hal_cortex.o
 .text.SysTick_Config
                0x000000000800179c       0x44 ./Drivers/STM32F1xx_HAL_Driver/Src/stm32f1xx_hal_cortex.o
 .text.HAL_NVIC_SetPriorityGrouping
                0x00000000080017e0       0x16 ./Drivers/STM32F1xx_HAL_Driver/Src/stm32f1xx_hal_cortex.o
                0x00000000080017e0                HAL_NVIC_SetPriorityGrouping
 .text.HAL_NVIC_SetPriority
                0x00000000080017f6       0x38 ./Drivers/STM32F1xx_HAL_Driver/Src/stm32f1xx_hal_cortex.o
                0x00000000080017f6                HAL_NVIC_SetPriority
 .text.HAL_NVIC_EnableIRQ
                0x000000000800182e       0x1c ./Drivers/STM32F1xx_HAL_Driver/Src/stm32f1xx_hal_cortex.o
                0x000000000800182e                HAL_NVIC_EnableIRQ
 .text.HAL_SYSTICK_Config
                0x000000000800184a       0x18 ./Drivers/STM32F1xx_HAL_Driver/Src/stm32f1xx_hal_cortex.o
                0x000000000800184a                HAL_SYSTICK_Config
 *fill*         0x0000000008001862        0x2 
 .text.HAL_GPIO_Init
                0x0000000008001864      0x308 ./Drivers/STM32F1xx_HAL_Driver/Src/stm32f1xx_hal_gpio.o
                0x0000000008001864                HAL_GPIO_Init
 .text.HAL_GPIO_ReadPin
                0x0000000008001b6c       0x2e ./Drivers/STM32F1xx_HAL_Driver/Src/stm32f1xx_hal_gpio.o
                0x0000000008001b6c                HAL_GPIO_ReadPin
 .text.HAL_GPIO_WritePin
                0x0000000008001b9a       0x30 ./Drivers/STM32F1xx_HAL_Driver/Src/stm32f1xx_hal_gpio.o
                0x0000000008001b9a                HAL_GPIO_WritePin
 *fill*         0x0000000008001bca        0x2 
 .text.HAL_GPIO_EXTI_IRQHandler
                0x0000000008001bcc       0x30 ./Drivers/STM32F1xx_HAL_Driver/Src/stm32f1xx_hal_gpio.o
                0x0000000008001bcc                HAL_GPIO_EXTI_IRQHandler
 .text.HAL_GPIO_EXTI_Callback
                0x0000000008001bfc       0x14 ./Drivers/STM32F1xx_HAL_Driver/Src/stm32f1xx_hal_gpio.o
                0x0000000008001bfc                HAL_GPIO_EXTI_Callback
 .text.HAL_I2C_Init
                0x0000000008001c10      0x288 ./Drivers/STM32F1xx_HAL_Driver/Src/stm32f1xx_hal_i2c.o
                0x0000000008001c10                HAL_I2C_Init
 .text.HAL_I2C_Master_Transmit
                0x0000000008001e98      0x1fc ./Drivers/STM32F1xx_HAL_Driver/Src/stm32f1xx_hal_i2c.o
                0x0000000008001e98                HAL_I2C_Master_Transmit
 .text.I2C_MasterRequestWrite
                0x0000000008002094      0x104 ./Drivers/STM32F1xx_HAL_Driver/Src/stm32f1xx_hal_i2c.o
 .text.I2C_WaitOnFlagUntilTimeout
                0x0000000008002198       0xf4 ./Drivers/STM32F1xx_HAL_Driver/Src/stm32f1xx_hal_i2c.o
 .text.I2C_WaitOnMasterAddressFlagUntilTimeout
                0x000000000800228c      0x140 ./Drivers/STM32F1xx_HAL_Driver/Src/stm32f1xx_hal_i2c.o
 .text.I2C_WaitOnTXEFlagUntilTimeout
                0x00000000080023cc       0x90 ./Drivers/STM32F1xx_HAL_Driver/Src/stm32f1xx_hal_i2c.o
 .text.I2C_WaitOnBTFFlagUntilTimeout
                0x000000000800245c       0x90 ./Drivers/STM32F1xx_HAL_Driver/Src/stm32f1xx_hal_i2c.o
 .text.I2C_IsAcknowledgeFailed
                0x00000000080024ec       0x5c ./Drivers/STM32F1xx_HAL_Driver/Src/stm32f1xx_hal_i2c.o
 .text.HAL_RCC_OscConfig
                0x0000000008002548      0x500 ./Drivers/STM32F1xx_HAL_Driver/Src/stm32f1xx_hal_rcc.o
                0x0000000008002548                HAL_RCC_OscConfig
 .text.HAL_RCC_ClockConfig
                0x0000000008002a48      0x1d4 ./Drivers/STM32F1xx_HAL_Driver/Src/stm32f1xx_hal_rcc.o
                0x0000000008002a48                HAL_RCC_ClockConfig
 .text.HAL_RCC_GetSysClockFreq
                0x0000000008002c1c       0xa8 ./Drivers/STM32F1xx_HAL_Driver/Src/stm32f1xx_hal_rcc.o
                0x0000000008002c1c                HAL_RCC_GetSysClockFreq
 .text.HAL_RCC_GetHCLKFreq
                0x0000000008002cc4       0x14 ./Drivers/STM32F1xx_HAL_Driver/Src/stm32f1xx_hal_rcc.o
                0x0000000008002cc4                HAL_RCC_GetHCLKFreq
 .text.HAL_RCC_GetPCLK1Freq
                0x0000000008002cd8       0x28 ./Drivers/STM32F1xx_HAL_Driver/Src/stm32f1xx_hal_rcc.o
                0x0000000008002cd8                HAL_RCC_GetPCLK1Freq
 .text.HAL_RCC_GetPCLK2Freq
                0x0000000008002d00       0x28 ./Drivers/STM32F1xx_HAL_Driver/Src/stm32f1xx_hal_rcc.o
                0x0000000008002d00                HAL_RCC_GetPCLK2Freq
 .text.RCC_Delay
                0x0000000008002d28       0x3c ./Drivers/STM32F1xx_HAL_Driver/Src/stm32f1xx_hal_rcc.o
 .text.HAL_TIM_Base_Init
                0x0000000008002d64       0x9e ./Drivers/STM32F1xx_HAL_Driver/Src/stm32f1xx_hal_tim.o
                0x0000000008002d64                HAL_TIM_Base_Init
 *fill*         0x0000000008002e02        0x2 
 .text.HAL_TIM_Base_Start_IT
                0x0000000008002e04       0xa4 ./Drivers/STM32F1xx_HAL_Driver/Src/stm32f1xx_hal_tim.o
                0x0000000008002e04                HAL_TIM_Base_Start_IT
 .text.HAL_TIM_IRQHandler
                0x0000000008002ea8      0x1e0 ./Drivers/STM32F1xx_HAL_Driver/Src/stm32f1xx_hal_tim.o
                0x0000000008002ea8                HAL_TIM_IRQHandler
 .text.HAL_TIM_ConfigClockSource
                0x0000000008003088      0x18e ./Drivers/STM32F1xx_HAL_Driver/Src/stm32f1xx_hal_tim.o
                0x0000000008003088                HAL_TIM_ConfigClockSource
 .text.HAL_TIM_OC_DelayElapsedCallback
                0x0000000008003216       0x12 ./Drivers/STM32F1xx_HAL_Driver/Src/stm32f1xx_hal_tim.o
                0x0000000008003216                HAL_TIM_OC_DelayElapsedCallback
 .text.HAL_TIM_IC_CaptureCallback
                0x0000000008003228       0x12 ./Drivers/STM32F1xx_HAL_Driver/Src/stm32f1xx_hal_tim.o
                0x0000000008003228                HAL_TIM_IC_CaptureCallback
 .text.HAL_TIM_PWM_PulseFinishedCallback
                0x000000000800323a       0x12 ./Drivers/STM32F1xx_HAL_Driver/Src/stm32f1xx_hal_tim.o
                0x000000000800323a                HAL_TIM_PWM_PulseFinishedCallback
 .text.HAL_TIM_TriggerCallback
                0x000000000800324c       0x12 ./Drivers/STM32F1xx_HAL_Driver/Src/stm32f1xx_hal_tim.o
                0x000000000800324c                HAL_TIM_TriggerCallback
 *fill*         0x000000000800325e        0x2 
 .text.TIM_Base_SetConfig
                0x0000000008003260       0xdc ./Drivers/STM32F1xx_HAL_Driver/Src/stm32f1xx_hal_tim.o
                0x0000000008003260                TIM_Base_SetConfig
 .text.TIM_TI1_ConfigInputStage
                0x000000000800333c       0x5c ./Drivers/STM32F1xx_HAL_Driver/Src/stm32f1xx_hal_tim.o
 .text.TIM_TI2_ConfigInputStage
                0x0000000008003398       0x5e ./Drivers/STM32F1xx_HAL_Driver/Src/stm32f1xx_hal_tim.o
 .text.TIM_ITRx_SetConfig
                0x00000000080033f6       0x34 ./Drivers/STM32F1xx_HAL_Driver/Src/stm32f1xx_hal_tim.o
 .text.TIM_ETR_SetConfig
                0x000000000800342a       0x3e ./Drivers/STM32F1xx_HAL_Driver/Src/stm32f1xx_hal_tim.o
                0x000000000800342a                TIM_ETR_SetConfig
 .text.HAL_TIMEx_MasterConfigSynchronization
                0x0000000008003468       0xbc ./Drivers/STM32F1xx_HAL_Driver/Src/stm32f1xx_hal_tim_ex.o
                0x0000000008003468                HAL_TIMEx_MasterConfigSynchronization
 .text.HAL_TIMEx_CommutCallback
                0x0000000008003524       0x12 ./Drivers/STM32F1xx_HAL_Driver/Src/stm32f1xx_hal_tim_ex.o
                0x0000000008003524                HAL_TIMEx_CommutCallback
 .text.HAL_TIMEx_BreakCallback
                0x0000000008003536       0x12 ./Drivers/STM32F1xx_HAL_Driver/Src/stm32f1xx_hal_tim_ex.o
                0x0000000008003536                HAL_TIMEx_BreakCallback
 .text.HAL_UART_Init
                0x0000000008003548       0xa0 ./Drivers/STM32F1xx_HAL_Driver/Src/stm32f1xx_hal_uart.o
                0x0000000008003548                HAL_UART_Init
 .text.UART_SetConfig
                0x00000000080035e8      0x11c ./Drivers/STM32F1xx_HAL_Driver/Src/stm32f1xx_hal_uart.o
 .text.__libc_init_array
                0x0000000008003704       0x48 c:/st/stm32cubeide_1.7.0/stm32cubeide/plugins/com.st.stm32cube.ide.mcu.externaltools.gnu-tools-for-stm32.9-2020-q2-update.win32_2.0.0.202105311346/tools/bin/../lib/gcc/arm-none-eabi/9.3.1/../../../../arm-none-eabi/lib/thumb/v7-m/nofp\libc_nano.a(lib_a-init.o)
                0x0000000008003704                __libc_init_array
 .text.memset   0x000000000800374c       0x10 c:/st/stm32cubeide_1.7.0/stm32cubeide/plugins/com.st.stm32cube.ide.mcu.externaltools.gnu-tools-for-stm32.9-2020-q2-update.win32_2.0.0.202105311346/tools/bin/../lib/gcc/arm-none-eabi/9.3.1/../../../../arm-none-eabi/lib/thumb/v7-m/nofp\libc_nano.a(lib_a-memset.o)
                0x000000000800374c                memset
 *(.glue_7)
 .glue_7        0x000000000800375c        0x0 linker stubs
 *(.glue_7t)
 .glue_7t       0x000000000800375c        0x0 linker stubs
 *(.eh_frame)
 .eh_frame      0x000000000800375c        0x0 c:/st/stm32cubeide_1.7.0/stm32cubeide/plugins/com.st.stm32cube.ide.mcu.externaltools.gnu-tools-for-stm32.9-2020-q2-update.win32_2.0.0.202105311346/tools/bin/../lib/gcc/arm-none-eabi/9.3.1/thumb/v7-m/nofp/crtbegin.o
 *(.init)
 .init          0x000000000800375c        0x4 c:/st/stm32cubeide_1.7.0/stm32cubeide/plugins/com.st.stm32cube.ide.mcu.externaltools.gnu-tools-for-stm32.9-2020-q2-update.win32_2.0.0.202105311346/tools/bin/../lib/gcc/arm-none-eabi/9.3.1/thumb/v7-m/nofp/crti.o
                0x000000000800375c                _init
 .init          0x0000000008003760        0x8 c:/st/stm32cubeide_1.7.0/stm32cubeide/plugins/com.st.stm32cube.ide.mcu.externaltools.gnu-tools-for-stm32.9-2020-q2-update.win32_2.0.0.202105311346/tools/bin/../lib/gcc/arm-none-eabi/9.3.1/thumb/v7-m/nofp/crtn.o
 *(.fini)
 .fini          0x0000000008003768        0x4 c:/st/stm32cubeide_1.7.0/stm32cubeide/plugins/com.st.stm32cube.ide.mcu.externaltools.gnu-tools-for-stm32.9-2020-q2-update.win32_2.0.0.202105311346/tools/bin/../lib/gcc/arm-none-eabi/9.3.1/thumb/v7-m/nofp/crti.o
                0x0000000008003768                _fini
 .fini          0x000000000800376c        0x8 c:/st/stm32cubeide_1.7.0/stm32cubeide/plugins/com.st.stm32cube.ide.mcu.externaltools.gnu-tools-for-stm32.9-2020-q2-update.win32_2.0.0.202105311346/tools/bin/../lib/gcc/arm-none-eabi/9.3.1/thumb/v7-m/nofp/crtn.o
                0x0000000008003774                . = ALIGN (0x4)
                0x0000000008003774                _etext = .

.vfp11_veneer   0x0000000008003774        0x0
 .vfp11_veneer  0x0000000008003774        0x0 linker stubs

.v4_bx          0x0000000008003774        0x0
 .v4_bx         0x0000000008003774        0x0 linker stubs

.iplt           0x0000000008003774        0x0
 .iplt          0x0000000008003774        0x0 c:/st/stm32cubeide_1.7.0/stm32cubeide/plugins/com.st.stm32cube.ide.mcu.externaltools.gnu-tools-for-stm32.9-2020-q2-update.win32_2.0.0.202105311346/tools/bin/../lib/gcc/arm-none-eabi/9.3.1/thumb/v7-m/nofp/crtbegin.o

.rodata         0x0000000008003774       0x54
                0x0000000008003774                . = ALIGN (0x4)
 *(.rodata)
 .rodata        0x0000000008003774       0x27 ./Core/Src/fsm_automatic.o
 *(.rodata*)
 *fill*         0x000000000800379b        0x1 
 .rodata.AHBPrescTable
                0x000000000800379c       0x10 ./Core/Src/system_stm32f1xx.o
                0x000000000800379c                AHBPrescTable
 .rodata.APBPrescTable
                0x00000000080037ac        0x8 ./Core/Src/system_stm32f1xx.o
                0x00000000080037ac                APBPrescTable
 .rodata.aPLLMULFactorTable.6442
                0x00000000080037b4       0x10 ./Drivers/STM32F1xx_HAL_Driver/Src/stm32f1xx_hal_rcc.o
 .rodata.aPredivFactorTable.6443
                0x00000000080037c4        0x2 ./Drivers/STM32F1xx_HAL_Driver/Src/stm32f1xx_hal_rcc.o
                0x00000000080037c8                . = ALIGN (0x4)
 *fill*         0x00000000080037c6        0x2 

.rel.dyn        0x00000000080037c8        0x0
 .rel.iplt      0x00000000080037c8        0x0 c:/st/stm32cubeide_1.7.0/stm32cubeide/plugins/com.st.stm32cube.ide.mcu.externaltools.gnu-tools-for-stm32.9-2020-q2-update.win32_2.0.0.202105311346/tools/bin/../lib/gcc/arm-none-eabi/9.3.1/thumb/v7-m/nofp/crtbegin.o

.ARM.extab      0x00000000080037c8        0x0
                0x00000000080037c8                . = ALIGN (0x4)
 *(.ARM.extab* .gnu.linkonce.armextab.*)
                0x00000000080037c8                . = ALIGN (0x4)

.ARM            0x00000000080037c8        0x0
                0x00000000080037c8                . = ALIGN (0x4)
                0x00000000080037c8                __exidx_start = .
 *(.ARM.exidx*)
                0x00000000080037c8                __exidx_end = .
                0x00000000080037c8                . = ALIGN (0x4)

.preinit_array  0x00000000080037c8        0x0
                0x00000000080037c8                . = ALIGN (0x4)
                0x00000000080037c8                PROVIDE (__preinit_array_start = .)
 *(.preinit_array*)
                0x00000000080037c8                PROVIDE (__preinit_array_end = .)
                0x00000000080037c8                . = ALIGN (0x4)

.init_array     0x00000000080037c8        0x4
                0x00000000080037c8                . = ALIGN (0x4)
                0x00000000080037c8                PROVIDE (__init_array_start = .)
 *(SORT_BY_NAME(.init_array.*))
 *(.init_array*)
 .init_array    0x00000000080037c8        0x4 c:/st/stm32cubeide_1.7.0/stm32cubeide/plugins/com.st.stm32cube.ide.mcu.externaltools.gnu-tools-for-stm32.9-2020-q2-update.win32_2.0.0.202105311346/tools/bin/../lib/gcc/arm-none-eabi/9.3.1/thumb/v7-m/nofp/crtbegin.o
                0x00000000080037cc                PROVIDE (__init_array_end = .)
                0x00000000080037cc                . = ALIGN (0x4)

.fini_array     0x00000000080037cc        0x4
                0x00000000080037cc                . = ALIGN (0x4)
                [!provide]                        PROVIDE (__fini_array_start = .)
 *(SORT_BY_NAME(.fini_array.*))
 *(.fini_array*)
 .fini_array    0x00000000080037cc        0x4 c:/st/stm32cubeide_1.7.0/stm32cubeide/plugins/com.st.stm32cube.ide.mcu.externaltools.gnu-tools-for-stm32.9-2020-q2-update.win32_2.0.0.202105311346/tools/bin/../lib/gcc/arm-none-eabi/9.3.1/thumb/v7-m/nofp/crtbegin.o
                [!provide]                        PROVIDE (__fini_array_end = .)
                0x00000000080037d0                . = ALIGN (0x4)
                0x00000000080037d0                _sidata = LOADADDR (.data)

.data           0x0000000020000000       0x1c load address 0x00000000080037d0
                0x0000000020000000                . = ALIGN (0x4)
                0x0000000020000000                _sdata = .
 *(.data)
 *(.data*)
 .data.Time_red
                0x0000000020000000        0x4 ./Core/Src/fsm_automatic.o
                0x0000000020000000                Time_red
 .data.Time_green
                0x0000000020000004        0x4 ./Core/Src/fsm_automatic.o
                0x0000000020000004                Time_green
 .data.Time_yellow
                0x0000000020000008        0x4 ./Core/Src/fsm_automatic.o
                0x0000000020000008                Time_yellow
 .data.SystemCoreClock
                0x000000002000000c        0x4 ./Core/Src/system_stm32f1xx.o
                0x000000002000000c                SystemCoreClock
 .data.TIME_CYCLE
                0x0000000020000010        0x4 ./Core/Src/timer.o
                0x0000000020000010                TIME_CYCLE
 .data.uwTickPrio
                0x0000000020000014        0x4 ./Drivers/STM32F1xx_HAL_Driver/Src/stm32f1xx_hal.o
                0x0000000020000014                uwTickPrio
 .data.uwTickFreq
                0x0000000020000018        0x1 ./Drivers/STM32F1xx_HAL_Driver/Src/stm32f1xx_hal.o
                0x0000000020000018                uwTickFreq
 *(.RamFunc)
 *(.RamFunc*)
                0x000000002000001c                . = ALIGN (0x4)
 *fill*         0x0000000020000019        0x3 
                0x000000002000001c                _edata = .

.igot.plt       0x000000002000001c        0x0 load address 0x00000000080037ec
 .igot.plt      0x000000002000001c        0x0 c:/st/stm32cubeide_1.7.0/stm32cubeide/plugins/com.st.stm32cube.ide.mcu.externaltools.gnu-tools-for-stm32.9-2020-q2-update.win32_2.0.0.202105311346/tools/bin/../lib/gcc/arm-none-eabi/9.3.1/thumb/v7-m/nofp/crtbegin.o
                0x000000002000001c                . = ALIGN (0x4)

.bss            0x000000002000001c      0x1a8 load address 0x00000000080037ec
                0x000000002000001c                _sbss = .
                0x000000002000001c                __bss_start__ = _sbss
 *(.bss)
 .bss           0x000000002000001c       0x1c c:/st/stm32cubeide_1.7.0/stm32cubeide/plugins/com.st.stm32cube.ide.mcu.externaltools.gnu-tools-for-stm32.9-2020-q2-update.win32_2.0.0.202105311346/tools/bin/../lib/gcc/arm-none-eabi/9.3.1/thumb/v7-m/nofp/crtbegin.o
 *(.bss*)
 .bss.DisplayCounter
                0x0000000020000038        0x4 ./Core/Src/fsm_automatic.o
                0x0000000020000038                DisplayCounter
 .bss.mode2_flag
                0x000000002000003c        0x4 ./Core/Src/fsm_automatic.o
                0x000000002000003c                mode2_flag
 .bss.mode3_flag
                0x0000000020000040        0x4 ./Core/Src/fsm_automatic.o
                0x0000000020000040                mode3_flag
 .bss.mode4_flag
                0x0000000020000044        0x4 ./Core/Src/fsm_automatic.o
                0x0000000020000044                mode4_flag
 .bss.save_counterTimeSet
                0x0000000020000048        0x4 ./Core/Src/fsm_automatic.o
                0x0000000020000048                save_counterTimeSet
 .bss.statusx   0x000000002000004c        0x4 ./Core/Src/global.o
                0x000000002000004c                statusx
 .bss.statusy   0x0000000020000050        0x4 ./Core/Src/global.o
                0x0000000020000050                statusy
 .bss.number_clock1
                0x0000000020000054        0x4 ./Core/Src/global.o
                0x0000000020000054                number_clock1
 .bss.number_clock2
                0x0000000020000058        0x4 ./Core/Src/global.o
                0x0000000020000058                number_clock2
 .bss.buttonState1
                0x000000002000005c        0x1 ./Core/Src/input_processing.o
                0x000000002000005c                buttonState1
 .bss.buttonState2
                0x000000002000005d        0x1 ./Core/Src/input_processing.o
                0x000000002000005d                buttonState2
 .bss.buttonState3
                0x000000002000005e        0x1 ./Core/Src/input_processing.o
                0x000000002000005e                buttonState3
 *fill*         0x000000002000005f        0x1 
 .bss.counterMode
                0x0000000020000060        0x4 ./Core/Src/input_processing.o
                0x0000000020000060                counterMode
 .bss.counterTimeSet
                0x0000000020000064        0x4 ./Core/Src/input_processing.o
                0x0000000020000064                counterTimeSet
 .bss.buttonBuffer
                0x0000000020000068        0x3 ./Core/Src/input_reading.o
 *fill*         0x000000002000006b        0x1 
 .bss.debounceButtonBuffer1
                0x000000002000006c        0x3 ./Core/Src/input_reading.o
 *fill*         0x000000002000006f        0x1 
 .bss.debounceButtonBuffer2
                0x0000000020000070        0x3 ./Core/Src/input_reading.o
 *fill*         0x0000000020000073        0x1 
 .bss.flagForButtonPress1s
                0x0000000020000074        0x3 ./Core/Src/input_reading.o
 *fill*         0x0000000020000077        0x1 
 .bss.counterForButtonPress1s
                0x0000000020000078        0x6 ./Core/Src/input_reading.o
 *fill*         0x000000002000007e        0x2 
 .bss.button1_flag
                0x0000000020000080        0x4 ./Core/Src/input_reading.o
                0x0000000020000080                button1_flag
 .bss.button2_flag
                0x0000000020000084        0x4 ./Core/Src/input_reading.o
                0x0000000020000084                button2_flag
 .bss.button3_flag
                0x0000000020000088        0x4 ./Core/Src/input_reading.o
                0x0000000020000088                button3_flag
 *(COMMON)
 COMMON         0x000000002000008c       0xe4 ./Core/Src/main.o
                0x000000002000008c                hi2c1
                0x00000000200000e0                htim2
                0x0000000020000128                huart2
 COMMON         0x0000000020000170       0x50 ./Core/Src/timer.o
                0x0000000020000170                timer_counter
                0x0000000020000198                timer_flag
 COMMON         0x00000000200001c0        0x4 ./Drivers/STM32F1xx_HAL_Driver/Src/stm32f1xx_hal.o
                0x00000000200001c0                uwTick
                0x00000000200001c4                . = ALIGN (0x4)
                0x00000000200001c4                _ebss = .
                0x00000000200001c4                __bss_end__ = _ebss

._user_heap_stack
                0x00000000200001c4      0x604 load address 0x00000000080037ec
                0x00000000200001c8                . = ALIGN (0x8)
 *fill*         0x00000000200001c4        0x4 
                [!provide]                        PROVIDE (end = .)
                0x00000000200001c8                PROVIDE (_end = .)
                0x00000000200003c8                . = (. + _Min_Heap_Size)
 *fill*         0x00000000200001c8      0x200 
                0x00000000200007c8                . = (. + _Min_Stack_Size)
 *fill*         0x00000000200003c8      0x400 
                0x00000000200007c8                . = ALIGN (0x8)

/DISCARD/
 libc.a(*)
 libm.a(*)
 libgcc.a(*)

.ARM.attributes
                0x0000000000000000       0x29
 *(.ARM.attributes)
 .ARM.attributes
                0x0000000000000000       0x1d c:/st/stm32cubeide_1.7.0/stm32cubeide/plugins/com.st.stm32cube.ide.mcu.externaltools.gnu-tools-for-stm32.9-2020-q2-update.win32_2.0.0.202105311346/tools/bin/../lib/gcc/arm-none-eabi/9.3.1/thumb/v7-m/nofp/crti.o
 .ARM.attributes
                0x000000000000001d       0x2d c:/st/stm32cubeide_1.7.0/stm32cubeide/plugins/com.st.stm32cube.ide.mcu.externaltools.gnu-tools-for-stm32.9-2020-q2-update.win32_2.0.0.202105311346/tools/bin/../lib/gcc/arm-none-eabi/9.3.1/thumb/v7-m/nofp/crtbegin.o
 .ARM.attributes
                0x000000000000004a       0x2d ./Core/Src/fsm_automatic.o
 .ARM.attributes
                0x0000000000000077       0x33 ./Core/Src/global.o
 .ARM.attributes
                0x00000000000000aa       0x2d ./Core/Src/i2c-lcd.o
 .ARM.attributes
                0x00000000000000d7       0x2d ./Core/Src/input_processing.o
 .ARM.attributes
                0x0000000000000104       0x2d ./Core/Src/input_reading.o
 .ARM.attributes
                0x0000000000000131       0x2d ./Core/Src/led_display.o
 .ARM.attributes
                0x000000000000015e       0x2d ./Core/Src/main.o
 .ARM.attributes
                0x000000000000018b       0x2d ./Core/Src/stm32f1xx_hal_msp.o
 .ARM.attributes
                0x00000000000001b8       0x2d ./Core/Src/stm32f1xx_it.o
 .ARM.attributes
                0x00000000000001e5       0x2d ./Core/Src/system_stm32f1xx.o
 .ARM.attributes
                0x0000000000000212       0x2d ./Core/Src/timer.o
 .ARM.attributes
                0x000000000000023f       0x21 ./Core/Startup/startup_stm32f103rbtx.o
 .ARM.attributes
                0x0000000000000260       0x2d ./Drivers/STM32F1xx_HAL_Driver/Src/stm32f1xx_hal.o
 .ARM.attributes
                0x000000000000028d       0x2d ./Drivers/STM32F1xx_HAL_Driver/Src/stm32f1xx_hal_cortex.o
 .ARM.attributes
                0x00000000000002ba       0x2d ./Drivers/STM32F1xx_HAL_Driver/Src/stm32f1xx_hal_gpio.o
 .ARM.attributes
                0x00000000000002e7       0x2d ./Drivers/STM32F1xx_HAL_Driver/Src/stm32f1xx_hal_i2c.o
 .ARM.attributes
                0x0000000000000314       0x2d ./Drivers/STM32F1xx_HAL_Driver/Src/stm32f1xx_hal_rcc.o
 .ARM.attributes
                0x0000000000000341       0x2d ./Drivers/STM32F1xx_HAL_Driver/Src/stm32f1xx_hal_tim.o
 .ARM.attributes
                0x000000000000036e       0x2d ./Drivers/STM32F1xx_HAL_Driver/Src/stm32f1xx_hal_tim_ex.o
 .ARM.attributes
                0x000000000000039b       0x2d ./Drivers/STM32F1xx_HAL_Driver/Src/stm32f1xx_hal_uart.o
 .ARM.attributes
                0x00000000000003c8       0x2d c:/st/stm32cubeide_1.7.0/stm32cubeide/plugins/com.st.stm32cube.ide.mcu.externaltools.gnu-tools-for-stm32.9-2020-q2-update.win32_2.0.0.202105311346/tools/bin/../lib/gcc/arm-none-eabi/9.3.1/../../../../arm-none-eabi/lib/thumb/v7-m/nofp\libc_nano.a(lib_a-init.o)
 .ARM.attributes
                0x00000000000003f5       0x2d c:/st/stm32cubeide_1.7.0/stm32cubeide/plugins/com.st.stm32cube.ide.mcu.externaltools.gnu-tools-for-stm32.9-2020-q2-update.win32_2.0.0.202105311346/tools/bin/../lib/gcc/arm-none-eabi/9.3.1/../../../../arm-none-eabi/lib/thumb/v7-m/nofp\libc_nano.a(lib_a-memset.o)
 .ARM.attributes
                0x0000000000000422       0x1d c:/st/stm32cubeide_1.7.0/stm32cubeide/plugins/com.st.stm32cube.ide.mcu.externaltools.gnu-tools-for-stm32.9-2020-q2-update.win32_2.0.0.202105311346/tools/bin/../lib/gcc/arm-none-eabi/9.3.1/thumb/v7-m/nofp/crtn.o
OUTPUT(Project_STM32.elf elf32-littlearm)
LOAD linker stubs
LOAD c:/st/stm32cubeide_1.7.0/stm32cubeide/plugins/com.st.stm32cube.ide.mcu.externaltools.gnu-tools-for-stm32.9-2020-q2-update.win32_2.0.0.202105311346/tools/bin/../lib/gcc/arm-none-eabi/9.3.1/../../../../arm-none-eabi/lib/thumb/v7-m/nofp\libc.a
LOAD c:/st/stm32cubeide_1.7.0/stm32cubeide/plugins/com.st.stm32cube.ide.mcu.externaltools.gnu-tools-for-stm32.9-2020-q2-update.win32_2.0.0.202105311346/tools/bin/../lib/gcc/arm-none-eabi/9.3.1/../../../../arm-none-eabi/lib/thumb/v7-m/nofp\libm.a
LOAD c:/st/stm32cubeide_1.7.0/stm32cubeide/plugins/com.st.stm32cube.ide.mcu.externaltools.gnu-tools-for-stm32.9-2020-q2-update.win32_2.0.0.202105311346/tools/bin/../lib/gcc/arm-none-eabi/9.3.1/thumb/v7-m/nofp\libgcc.a

.debug_info     0x0000000000000000    0x10a89
 .debug_info    0x0000000000000000      0x3a4 ./Core/Src/fsm_automatic.o
 .debug_info    0x00000000000003a4       0xb0 ./Core/Src/global.o
 .debug_info    0x0000000000000454      0x7d7 ./Core/Src/i2c-lcd.o
 .debug_info    0x0000000000000c2b      0x275 ./Core/Src/input_processing.o
 .debug_info    0x0000000000000ea0      0x3f3 ./Core/Src/input_reading.o
 .debug_info    0x0000000000001293      0x37b ./Core/Src/led_display.o
 .debug_info    0x000000000000160e     0x1309 ./Core/Src/main.o
 .debug_info    0x0000000000002917     0x1150 ./Core/Src/stm32f1xx_hal_msp.o
 .debug_info    0x0000000000003a67      0x7e3 ./Core/Src/stm32f1xx_it.o
 .debug_info    0x000000000000424a      0x2be ./Core/Src/system_stm32f1xx.o
 .debug_info    0x0000000000004508      0x7da ./Core/Src/timer.o
 .debug_info    0x0000000000004ce2       0x22 ./Core/Startup/startup_stm32f103rbtx.o
 .debug_info    0x0000000000004d04      0x76a ./Drivers/STM32F1xx_HAL_Driver/Src/stm32f1xx_hal.o
 .debug_info    0x000000000000546e      0xbdc ./Drivers/STM32F1xx_HAL_Driver/Src/stm32f1xx_hal_cortex.o
 .debug_info    0x000000000000604a      0x701 ./Drivers/STM32F1xx_HAL_Driver/Src/stm32f1xx_hal_gpio.o
 .debug_info    0x000000000000674b     0x27cb ./Drivers/STM32F1xx_HAL_Driver/Src/stm32f1xx_hal_i2c.o
 .debug_info    0x0000000000008f16      0x893 ./Drivers/STM32F1xx_HAL_Driver/Src/stm32f1xx_hal_rcc.o
 .debug_info    0x00000000000097a9     0x2c32 ./Drivers/STM32F1xx_HAL_Driver/Src/stm32f1xx_hal_tim.o
 .debug_info    0x000000000000c3db     0x157f ./Drivers/STM32F1xx_HAL_Driver/Src/stm32f1xx_hal_tim_ex.o
 .debug_info    0x000000000000d95a     0x312f ./Drivers/STM32F1xx_HAL_Driver/Src/stm32f1xx_hal_uart.o

.debug_abbrev   0x0000000000000000     0x233e
 .debug_abbrev  0x0000000000000000      0x113 ./Core/Src/fsm_automatic.o
 .debug_abbrev  0x0000000000000113       0x70 ./Core/Src/global.o
 .debug_abbrev  0x0000000000000183      0x1b2 ./Core/Src/i2c-lcd.o
 .debug_abbrev  0x0000000000000335       0xe0 ./Core/Src/input_processing.o
 .debug_abbrev  0x0000000000000415      0x19d ./Core/Src/input_reading.o
 .debug_abbrev  0x00000000000005b2      0x114 ./Core/Src/led_display.o
 .debug_abbrev  0x00000000000006c6      0x267 ./Core/Src/main.o
 .debug_abbrev  0x000000000000092d      0x1c8 ./Core/Src/stm32f1xx_hal_msp.o
 .debug_abbrev  0x0000000000000af5      0x176 ./Core/Src/stm32f1xx_it.o
 .debug_abbrev  0x0000000000000c6b      0x14e ./Core/Src/system_stm32f1xx.o
 .debug_abbrev  0x0000000000000db9      0x1e1 ./Core/Src/timer.o
 .debug_abbrev  0x0000000000000f9a       0x12 ./Core/Startup/startup_stm32f103rbtx.o
 .debug_abbrev  0x0000000000000fac      0x1ed ./Drivers/STM32F1xx_HAL_Driver/Src/stm32f1xx_hal.o
 .debug_abbrev  0x0000000000001199      0x313 ./Drivers/STM32F1xx_HAL_Driver/Src/stm32f1xx_hal_cortex.o
 .debug_abbrev  0x00000000000014ac      0x1e8 ./Drivers/STM32F1xx_HAL_Driver/Src/stm32f1xx_hal_gpio.o
 .debug_abbrev  0x0000000000001694      0x288 ./Drivers/STM32F1xx_HAL_Driver/Src/stm32f1xx_hal_i2c.o
 .debug_abbrev  0x000000000000191c      0x273 ./Drivers/STM32F1xx_HAL_Driver/Src/stm32f1xx_hal_rcc.o
 .debug_abbrev  0x0000000000001b8f      0x25e ./Drivers/STM32F1xx_HAL_Driver/Src/stm32f1xx_hal_tim.o
 .debug_abbrev  0x0000000000001ded      0x266 ./Drivers/STM32F1xx_HAL_Driver/Src/stm32f1xx_hal_tim_ex.o
 .debug_abbrev  0x0000000000002053      0x2eb ./Drivers/STM32F1xx_HAL_Driver/Src/stm32f1xx_hal_uart.o

.debug_aranges  0x0000000000000000     0x1000
 .debug_aranges
                0x0000000000000000       0x50 ./Core/Src/fsm_automatic.o
 .debug_aranges
                0x0000000000000050       0x18 ./Core/Src/global.o
 .debug_aranges
                0x0000000000000068       0x48 ./Core/Src/i2c-lcd.o
 .debug_aranges
                0x00000000000000b0       0x30 ./Core/Src/input_processing.o
 .debug_aranges
                0x00000000000000e0       0x60 ./Core/Src/input_reading.o
 .debug_aranges
                0x0000000000000140       0x80 ./Core/Src/led_display.o
 .debug_aranges
                0x00000000000001c0       0x50 ./Core/Src/main.o
 .debug_aranges
                0x0000000000000210       0x50 ./Core/Src/stm32f1xx_hal_msp.o
 .debug_aranges
                0x0000000000000260       0x70 ./Core/Src/stm32f1xx_it.o
 .debug_aranges
                0x00000000000002d0       0x28 ./Core/Src/system_stm32f1xx.o
 .debug_aranges
                0x00000000000002f8       0x30 ./Core/Src/timer.o
 .debug_aranges
                0x0000000000000328       0x28 ./Core/Startup/startup_stm32f103rbtx.o
 .debug_aranges
                0x0000000000000350       0xe0 ./Drivers/STM32F1xx_HAL_Driver/Src/stm32f1xx_hal.o
 .debug_aranges
                0x0000000000000430      0x100 ./Drivers/STM32F1xx_HAL_Driver/Src/stm32f1xx_hal_cortex.o
 .debug_aranges
                0x0000000000000530       0x58 ./Drivers/STM32F1xx_HAL_Driver/Src/stm32f1xx_hal_gpio.o
 .debug_aranges
                0x0000000000000588      0x2a8 ./Drivers/STM32F1xx_HAL_Driver/Src/stm32f1xx_hal_i2c.o
 .debug_aranges
                0x0000000000000830       0x90 ./Drivers/STM32F1xx_HAL_Driver/Src/stm32f1xx_hal_rcc.o
 .debug_aranges
                0x00000000000008c0      0x3d0 ./Drivers/STM32F1xx_HAL_Driver/Src/stm32f1xx_hal_tim.o
 .debug_aranges
                0x0000000000000c90      0x168 ./Drivers/STM32F1xx_HAL_Driver/Src/stm32f1xx_hal_tim_ex.o
 .debug_aranges
                0x0000000000000df8      0x208 ./Drivers/STM32F1xx_HAL_Driver/Src/stm32f1xx_hal_uart.o

.debug_ranges   0x0000000000000000      0xf08
 .debug_ranges  0x0000000000000000       0x40 ./Core/Src/fsm_automatic.o
 .debug_ranges  0x0000000000000040       0x38 ./Core/Src/i2c-lcd.o
 .debug_ranges  0x0000000000000078       0x20 ./Core/Src/input_processing.o
 .debug_ranges  0x0000000000000098       0x50 ./Core/Src/input_reading.o
 .debug_ranges  0x00000000000000e8       0x70 ./Core/Src/led_display.o
 .debug_ranges  0x0000000000000158       0x40 ./Core/Src/main.o
 .debug_ranges  0x0000000000000198       0x40 ./Core/Src/stm32f1xx_hal_msp.o
 .debug_ranges  0x00000000000001d8       0x60 ./Core/Src/stm32f1xx_it.o
 .debug_ranges  0x0000000000000238       0x18 ./Core/Src/system_stm32f1xx.o
 .debug_ranges  0x0000000000000250       0x20 ./Core/Src/timer.o
 .debug_ranges  0x0000000000000270       0x20 ./Core/Startup/startup_stm32f103rbtx.o
 .debug_ranges  0x0000000000000290       0xd0 ./Drivers/STM32F1xx_HAL_Driver/Src/stm32f1xx_hal.o
 .debug_ranges  0x0000000000000360       0xf0 ./Drivers/STM32F1xx_HAL_Driver/Src/stm32f1xx_hal_cortex.o
 .debug_ranges  0x0000000000000450       0x48 ./Drivers/STM32F1xx_HAL_Driver/Src/stm32f1xx_hal_gpio.o
 .debug_ranges  0x0000000000000498      0x2b0 ./Drivers/STM32F1xx_HAL_Driver/Src/stm32f1xx_hal_i2c.o
 .debug_ranges  0x0000000000000748       0x80 ./Drivers/STM32F1xx_HAL_Driver/Src/stm32f1xx_hal_rcc.o
 .debug_ranges  0x00000000000007c8      0x3c0 ./Drivers/STM32F1xx_HAL_Driver/Src/stm32f1xx_hal_tim.o
 .debug_ranges  0x0000000000000b88      0x158 ./Drivers/STM32F1xx_HAL_Driver/Src/stm32f1xx_hal_tim_ex.o
 .debug_ranges  0x0000000000000ce0      0x228 ./Drivers/STM32F1xx_HAL_Driver/Src/stm32f1xx_hal_uart.o

.debug_macro    0x0000000000000000    0x17c42
 .debug_macro   0x0000000000000000      0x200 ./Core/Src/fsm_automatic.o
 .debug_macro   0x0000000000000200      0xa9c ./Core/Src/fsm_automatic.o
 .debug_macro   0x0000000000000c9c       0x10 ./Core/Src/fsm_automatic.o
 .debug_macro   0x0000000000000cac       0x2e ./Core/Src/fsm_automatic.o
 .debug_macro   0x0000000000000cda      0x221 ./Core/Src/fsm_automatic.o
 .debug_macro   0x0000000000000efb       0x2e ./Core/Src/fsm_automatic.o
 .debug_macro   0x0000000000000f29       0x22 ./Core/Src/fsm_automatic.o
 .debug_macro   0x0000000000000f4b       0x22 ./Core/Src/fsm_automatic.o
 .debug_macro   0x0000000000000f6d       0x8e ./Core/Src/fsm_automatic.o
 .debug_macro   0x0000000000000ffb       0x51 ./Core/Src/fsm_automatic.o
 .debug_macro   0x000000000000104c      0x103 ./Core/Src/fsm_automatic.o
 .debug_macro   0x000000000000114f       0x6a ./Core/Src/fsm_automatic.o
 .debug_macro   0x00000000000011b9      0x1df ./Core/Src/fsm_automatic.o
 .debug_macro   0x0000000000001398       0x1c ./Core/Src/fsm_automatic.o
 .debug_macro   0x00000000000013b4       0x22 ./Core/Src/fsm_automatic.o
 .debug_macro   0x00000000000013d6       0xc3 ./Core/Src/fsm_automatic.o
 .debug_macro   0x0000000000001499      0xd23 ./Core/Src/fsm_automatic.o
 .debug_macro   0x00000000000021bc     0xe09e ./Core/Src/fsm_automatic.o
 .debug_macro   0x000000000001025a       0x6d ./Core/Src/fsm_automatic.o
 .debug_macro   0x00000000000102c7     0x34a2 ./Core/Src/fsm_automatic.o
 .debug_macro   0x0000000000013769      0x174 ./Core/Src/fsm_automatic.o
 .debug_macro   0x00000000000138dd       0x5c ./Core/Src/fsm_automatic.o
 .debug_macro   0x0000000000013939      0x5bc ./Core/Src/fsm_automatic.o
 .debug_macro   0x0000000000013ef5      0x289 ./Core/Src/fsm_automatic.o
 .debug_macro   0x000000000001417e      0x1cb ./Core/Src/fsm_automatic.o
 .debug_macro   0x0000000000014349      0x114 ./Core/Src/fsm_automatic.o
 .debug_macro   0x000000000001445d      0x1b2 ./Core/Src/fsm_automatic.o
 .debug_macro   0x000000000001460f       0x27 ./Core/Src/fsm_automatic.o
 .debug_macro   0x0000000000014636      0x136 ./Core/Src/fsm_automatic.o
 .debug_macro   0x000000000001476c      0x1bc ./Core/Src/fsm_automatic.o
 .debug_macro   0x0000000000014928       0x34 ./Core/Src/fsm_automatic.o
 .debug_macro   0x000000000001495c       0x3c ./Core/Src/fsm_automatic.o
 .debug_macro   0x0000000000014998       0x57 ./Core/Src/fsm_automatic.o
 .debug_macro   0x00000000000149ef       0x87 ./Core/Src/fsm_automatic.o
 .debug_macro   0x0000000000014a76      0x240 ./Core/Src/fsm_automatic.o
 .debug_macro   0x0000000000014cb6      0x287 ./Core/Src/fsm_automatic.o
 .debug_macro   0x0000000000014f3d      0x140 ./Core/Src/fsm_automatic.o
 .debug_macro   0x000000000001507d      0x8ed ./Core/Src/fsm_automatic.o
 .debug_macro   0x000000000001596a      0x28e ./Core/Src/fsm_automatic.o
 .debug_macro   0x0000000000015bf8       0x83 ./Core/Src/fsm_automatic.o
 .debug_macro   0x0000000000015c7b       0xe2 ./Core/Src/fsm_automatic.o
 .debug_macro   0x0000000000015d5d       0x33 ./Core/Src/global.o
 .debug_macro   0x0000000000015d90      0x1b7 ./Core/Src/i2c-lcd.o
 .debug_macro   0x0000000000015f47      0x1ec ./Core/Src/input_processing.o
 .debug_macro   0x0000000000016133      0x1da ./Core/Src/input_reading.o
 .debug_macro   0x000000000001630d      0x1de ./Core/Src/led_display.o
 .debug_macro   0x00000000000164eb      0x200 ./Core/Src/main.o
 .debug_macro   0x00000000000166eb      0x1bc ./Core/Src/stm32f1xx_hal_msp.o
 .debug_macro   0x00000000000168a7      0x1c6 ./Core/Src/stm32f1xx_it.o
 .debug_macro   0x0000000000016a6d      0x1ad ./Core/Src/system_stm32f1xx.o
 .debug_macro   0x0000000000016c1a      0x1cf ./Core/Src/timer.o
 .debug_macro   0x0000000000016de9      0x1d1 ./Drivers/STM32F1xx_HAL_Driver/Src/stm32f1xx_hal.o
 .debug_macro   0x0000000000016fba      0x1ad ./Drivers/STM32F1xx_HAL_Driver/Src/stm32f1xx_hal_cortex.o
 .debug_macro   0x0000000000017167      0x218 ./Drivers/STM32F1xx_HAL_Driver/Src/stm32f1xx_hal_gpio.o
 .debug_macro   0x000000000001737f      0x1fb ./Drivers/STM32F1xx_HAL_Driver/Src/stm32f1xx_hal_i2c.o
 .debug_macro   0x000000000001757a      0x1bf ./Drivers/STM32F1xx_HAL_Driver/Src/stm32f1xx_hal_rcc.o
 .debug_macro   0x0000000000017739      0x1ae ./Drivers/STM32F1xx_HAL_Driver/Src/stm32f1xx_hal_tim.o
 .debug_macro   0x00000000000178e7      0x1ad ./Drivers/STM32F1xx_HAL_Driver/Src/stm32f1xx_hal_tim_ex.o
 .debug_macro   0x0000000000017a94      0x1ae ./Drivers/STM32F1xx_HAL_Driver/Src/stm32f1xx_hal_uart.o

.debug_line     0x0000000000000000    0x12acd
 .debug_line    0x0000000000000000      0x991 ./Core/Src/fsm_automatic.o
 .debug_line    0x0000000000000991       0x6b ./Core/Src/global.o
 .debug_line    0x00000000000009fc      0x757 ./Core/Src/i2c-lcd.o
 .debug_line    0x0000000000001153      0x7d4 ./Core/Src/input_processing.o
 .debug_line    0x0000000000001927      0x833 ./Core/Src/input_reading.o
 .debug_line    0x000000000000215a      0x866 ./Core/Src/led_display.o
 .debug_line    0x00000000000029c0      0x8c6 ./Core/Src/main.o
 .debug_line    0x0000000000003286      0x764 ./Core/Src/stm32f1xx_hal_msp.o
 .debug_line    0x00000000000039ea      0x786 ./Core/Src/stm32f1xx_it.o
 .debug_line    0x0000000000004170      0x712 ./Core/Src/system_stm32f1xx.o
 .debug_line    0x0000000000004882      0x703 ./Core/Src/timer.o
 .debug_line    0x0000000000004f85       0x86 ./Core/Startup/startup_stm32f103rbtx.o
 .debug_line    0x000000000000500b      0x93f ./Drivers/STM32F1xx_HAL_Driver/Src/stm32f1xx_hal.o
 .debug_line    0x000000000000594a      0xb27 ./Drivers/STM32F1xx_HAL_Driver/Src/stm32f1xx_hal_cortex.o
 .debug_line    0x0000000000006471      0x9d8 ./Drivers/STM32F1xx_HAL_Driver/Src/stm32f1xx_hal_gpio.o
 .debug_line    0x0000000000006e49     0x3ad5 ./Drivers/STM32F1xx_HAL_Driver/Src/stm32f1xx_hal_i2c.o
 .debug_line    0x000000000000a91e      0xd4b ./Drivers/STM32F1xx_HAL_Driver/Src/stm32f1xx_hal_rcc.o
 .debug_line    0x000000000000b669     0x33d9 ./Drivers/STM32F1xx_HAL_Driver/Src/stm32f1xx_hal_tim.o
 .debug_line    0x000000000000ea42     0x1885 ./Drivers/STM32F1xx_HAL_Driver/Src/stm32f1xx_hal_tim_ex.o
 .debug_line    0x00000000000102c7     0x2806 ./Drivers/STM32F1xx_HAL_Driver/Src/stm32f1xx_hal_uart.o

.debug_str      0x0000000000000000    0x89605
 .debug_str     0x0000000000000000    0x851cb ./Core/Src/fsm_automatic.o
                                      0x85508 (size before relaxing)
 .debug_str     0x00000000000851cb       0x15 ./Core/Src/global.o
                                       0x2e49 (size before relaxing)
 .debug_str     0x00000000000851e0      0x486 ./Core/Src/i2c-lcd.o
                                      0x854af (size before relaxing)
 .debug_str     0x0000000000085666       0xe1 ./Core/Src/input_processing.o
                                      0x854bb (size before relaxing)
 .debug_str     0x0000000000085747      0x1ec ./Core/Src/input_reading.o
                                      0x8550c (size before relaxing)
 .debug_str     0x0000000000085933       0xf4 ./Core/Src/led_display.o
                                      0x854d0 (size before relaxing)
 .debug_str     0x0000000000085a27      0x95c ./Core/Src/main.o
                                      0x863ad (size before relaxing)
 .debug_str     0x0000000000086383       0xe1 ./Core/Src/stm32f1xx_hal_msp.o
                                      0x86065 (size before relaxing)
 .debug_str     0x0000000000086464       0xe2 ./Core/Src/stm32f1xx_it.o
                                      0x858a0 (size before relaxing)
 .debug_str     0x0000000000086546       0x52 ./Core/Src/system_stm32f1xx.o
                                      0x8502d (size before relaxing)
 .debug_str     0x0000000000086598       0x5d ./Core/Src/timer.o
                                      0x85853 (size before relaxing)
 .debug_str     0x00000000000865f5       0x36 ./Core/Startup/startup_stm32f103rbtx.o
                                         0x63 (size before relaxing)
 .debug_str     0x000000000008662b      0x304 ./Drivers/STM32F1xx_HAL_Driver/Src/stm32f1xx_hal.o
                                      0x856be (size before relaxing)
 .debug_str     0x000000000008692f      0x300 ./Drivers/STM32F1xx_HAL_Driver/Src/stm32f1xx_hal_cortex.o
                                      0x856c6 (size before relaxing)
 .debug_str     0x0000000000086c2f      0x316 ./Drivers/STM32F1xx_HAL_Driver/Src/stm32f1xx_hal_gpio.o
                                      0x853f1 (size before relaxing)
 .debug_str     0x0000000000086f45      0xba0 ./Drivers/STM32F1xx_HAL_Driver/Src/stm32f1xx_hal_i2c.o
                                      0x860bc (size before relaxing)
 .debug_str     0x0000000000087ae5      0x244 ./Drivers/STM32F1xx_HAL_Driver/Src/stm32f1xx_hal_rcc.o
                                      0x8542a (size before relaxing)
 .debug_str     0x0000000000087d29      0xdd8 ./Drivers/STM32F1xx_HAL_Driver/Src/stm32f1xx_hal_tim.o
                                      0x86413 (size before relaxing)
 .debug_str     0x0000000000088b01      0x4ee ./Drivers/STM32F1xx_HAL_Driver/Src/stm32f1xx_hal_tim_ex.o
                                      0x85bb4 (size before relaxing)
 .debug_str     0x0000000000088fef      0x616 ./Drivers/STM32F1xx_HAL_Driver/Src/stm32f1xx_hal_uart.o
                                      0x85a82 (size before relaxing)

.comment        0x0000000000000000       0x53
 .comment       0x0000000000000000       0x53 ./Core/Src/fsm_automatic.o
                                         0x54 (size before relaxing)
 .comment       0x0000000000000053       0x54 ./Core/Src/global.o
 .comment       0x0000000000000053       0x54 ./Core/Src/i2c-lcd.o
 .comment       0x0000000000000053       0x54 ./Core/Src/input_processing.o
 .comment       0x0000000000000053       0x54 ./Core/Src/input_reading.o
 .comment       0x0000000000000053       0x54 ./Core/Src/led_display.o
 .comment       0x0000000000000053       0x54 ./Core/Src/main.o
 .comment       0x0000000000000053       0x54 ./Core/Src/stm32f1xx_hal_msp.o
 .comment       0x0000000000000053       0x54 ./Core/Src/stm32f1xx_it.o
 .comment       0x0000000000000053       0x54 ./Core/Src/system_stm32f1xx.o
 .comment       0x0000000000000053       0x54 ./Core/Src/timer.o
 .comment       0x0000000000000053       0x54 ./Drivers/STM32F1xx_HAL_Driver/Src/stm32f1xx_hal.o
 .comment       0x0000000000000053       0x54 ./Drivers/STM32F1xx_HAL_Driver/Src/stm32f1xx_hal_cortex.o
 .comment       0x0000000000000053       0x54 ./Drivers/STM32F1xx_HAL_Driver/Src/stm32f1xx_hal_gpio.o
 .comment       0x0000000000000053       0x54 ./Drivers/STM32F1xx_HAL_Driver/Src/stm32f1xx_hal_i2c.o
 .comment       0x0000000000000053       0x54 ./Drivers/STM32F1xx_HAL_Driver/Src/stm32f1xx_hal_rcc.o
 .comment       0x0000000000000053       0x54 ./Drivers/STM32F1xx_HAL_Driver/Src/stm32f1xx_hal_tim.o
 .comment       0x0000000000000053       0x54 ./Drivers/STM32F1xx_HAL_Driver/Src/stm32f1xx_hal_tim_ex.o
 .comment       0x0000000000000053       0x54 ./Drivers/STM32F1xx_HAL_Driver/Src/stm32f1xx_hal_uart.o

.debug_frame    0x0000000000000000     0x41b4
 .debug_frame   0x0000000000000000       0xe4 ./Core/Src/fsm_automatic.o
 .debug_frame   0x00000000000000e4       0xd8 ./Core/Src/i2c-lcd.o
 .debug_frame   0x00000000000001bc       0x64 ./Core/Src/input_processing.o
 .debug_frame   0x0000000000000220      0x144 ./Core/Src/input_reading.o
 .debug_frame   0x0000000000000364      0x17c ./Core/Src/led_display.o
 .debug_frame   0x00000000000004e0       0xe8 ./Core/Src/main.o
 .debug_frame   0x00000000000005c8      0x110 ./Core/Src/stm32f1xx_hal_msp.o
 .debug_frame   0x00000000000006d8      0x13c ./Core/Src/stm32f1xx_it.o
 .debug_frame   0x0000000000000814       0x58 ./Core/Src/system_stm32f1xx.o
 .debug_frame   0x000000000000086c       0x84 ./Core/Src/timer.o
 .debug_frame   0x00000000000008f0      0x334 ./Drivers/STM32F1xx_HAL_Driver/Src/stm32f1xx_hal.o
 .debug_frame   0x0000000000000c24      0x428 ./Drivers/STM32F1xx_HAL_Driver/Src/stm32f1xx_hal_cortex.o
 .debug_frame   0x000000000000104c      0x14c ./Drivers/STM32F1xx_HAL_Driver/Src/stm32f1xx_hal_gpio.o
 .debug_frame   0x0000000000001198      0xc84 ./Drivers/STM32F1xx_HAL_Driver/Src/stm32f1xx_hal_i2c.o
 .debug_frame   0x0000000000001e1c      0x218 ./Drivers/STM32F1xx_HAL_Driver/Src/stm32f1xx_hal_rcc.o
 .debug_frame   0x0000000000002034     0x11b8 ./Drivers/STM32F1xx_HAL_Driver/Src/stm32f1xx_hal_tim.o
 .debug_frame   0x00000000000031ec      0x638 ./Drivers/STM32F1xx_HAL_Driver/Src/stm32f1xx_hal_tim_ex.o
 .debug_frame   0x0000000000003824      0x944 ./Drivers/STM32F1xx_HAL_Driver/Src/stm32f1xx_hal_uart.o
 .debug_frame   0x0000000000004168       0x2c c:/st/stm32cubeide_1.7.0/stm32cubeide/plugins/com.st.stm32cube.ide.mcu.externaltools.gnu-tools-for-stm32.9-2020-q2-update.win32_2.0.0.202105311346/tools/bin/../lib/gcc/arm-none-eabi/9.3.1/../../../../arm-none-eabi/lib/thumb/v7-m/nofp\libc_nano.a(lib_a-init.o)
 .debug_frame   0x0000000000004194       0x20 c:/st/stm32cubeide_1.7.0/stm32cubeide/plugins/com.st.stm32cube.ide.mcu.externaltools.gnu-tools-for-stm32.9-2020-q2-update.win32_2.0.0.202105311346/tools/bin/../lib/gcc/arm-none-eabi/9.3.1/../../../../arm-none-eabi/lib/thumb/v7-m/nofp\libc_nano.a(lib_a-memset.o)
